Component: ARM Compiler 5.06 update 6 (build 750) Tool: armlink [4d35ed]

==============================================================================

Section Cross References

    main.o(i.main) refers to pl57h56_1.o(i.pl_init) for pl_init
    main.o(i.main) refers to pl57h56_1.o(i.pl_start) for pl_start
    main.o(i.main) refers to main.o(i.nrf_delay_us) for nrf_delay_us
    main.o(i.main) refers to frequency.o(i.freq_pin_Hz) for freq_pin_Hz
    main.o(i.main) refers to main.o(.data) for .data
    main.o(i.nrf_delay_us) refers to system_nrf52.o(.data) for SystemCoreClock
    boards.o(i.bsp_board_button_idx_to_pin) refers to boards.o(.constdata) for .constdata
    boards.o(i.bsp_board_button_state_get) refers to boards.o(.constdata) for .constdata
    boards.o(i.bsp_board_buttons_init) refers to boards.o(i.nrf_gpio_cfg) for nrf_gpio_cfg
    boards.o(i.bsp_board_buttons_init) refers to boards.o(.constdata) for .constdata
    boards.o(i.bsp_board_led_idx_to_pin) refers to boards.o(.constdata) for .constdata
    boards.o(i.bsp_board_led_invert) refers to boards.o(.constdata) for .constdata
    boards.o(i.bsp_board_led_off) refers to boards.o(i.nrf_gpio_pin_write) for nrf_gpio_pin_write
    boards.o(i.bsp_board_led_off) refers to boards.o(.constdata) for .constdata
    boards.o(i.bsp_board_led_on) refers to boards.o(i.nrf_gpio_pin_write) for nrf_gpio_pin_write
    boards.o(i.bsp_board_led_on) refers to boards.o(.constdata) for .constdata
    boards.o(i.bsp_board_led_state_get) refers to boards.o(.constdata) for .constdata
    boards.o(i.bsp_board_leds_init) refers to boards.o(i.nrf_gpio_cfg) for nrf_gpio_cfg
    boards.o(i.bsp_board_leds_init) refers to boards.o(i.bsp_board_leds_off) for bsp_board_leds_off
    boards.o(i.bsp_board_leds_init) refers to boards.o(.constdata) for .constdata
    boards.o(i.bsp_board_leds_off) refers to boards.o(i.bsp_board_led_off) for bsp_board_led_off
    boards.o(i.bsp_board_leds_on) refers to boards.o(i.bsp_board_led_on) for bsp_board_led_on
    boards.o(i.bsp_board_pin_to_button_idx) refers to boards.o(.constdata) for .constdata
    boards.o(i.bsp_board_pin_to_led_idx) refers to boards.o(.constdata) for .constdata
    nrf_drv_timer.o(i.TIMER0_IRQHandler) refers to nrf_drv_timer.o(i.irq_handler) for irq_handler
    nrf_drv_timer.o(i.TIMER0_IRQHandler) refers to nrf_drv_timer.o(.bss) for .bss
    nrf_drv_timer.o(i.TIMER1_IRQHandler) refers to nrf_drv_timer.o(i.irq_handler) for irq_handler
    nrf_drv_timer.o(i.TIMER1_IRQHandler) refers to nrf_drv_timer.o(.bss) for .bss
    nrf_drv_timer.o(i.TIMER2_IRQHandler) refers to nrf_drv_timer.o(i.irq_handler) for irq_handler
    nrf_drv_timer.o(i.TIMER2_IRQHandler) refers to nrf_drv_timer.o(.bss) for .bss
    nrf_drv_timer.o(i.nrf_drv_timer_disable) refers to nrf_drv_timer.o(.bss) for .bss
    nrf_drv_timer.o(i.nrf_drv_timer_enable) refers to nrf_drv_timer.o(.bss) for .bss
    nrf_drv_timer.o(i.nrf_drv_timer_extended_compare) refers to nrf_drv_timer.o(i.nrf_drv_timer_compare) for nrf_drv_timer_compare
    nrf_drv_timer.o(i.nrf_drv_timer_init) refers to nrf_drv_common.o(i.nrf_drv_common_irq_enable) for nrf_drv_common_irq_enable
    nrf_drv_timer.o(i.nrf_drv_timer_init) refers to nrf_drv_timer.o(.bss) for .bss
    nrf_drv_timer.o(i.nrf_drv_timer_uninit) refers to nrf_drv_timer.o(i.nrf_drv_timer_disable) for nrf_drv_timer_disable
    nrf_drv_timer.o(i.nrf_drv_timer_uninit) refers to nrf_drv_timer.o(.bss) for .bss
    nrf_drv_gpiote.o(i.GPIOTE_IRQHandler) refers to nrf_drv_gpiote.o(i.nrf_gpiote_event_is_set) for nrf_gpiote_event_is_set
    nrf_drv_gpiote.o(i.GPIOTE_IRQHandler) refers to nrf_drv_gpiote.o(i.nrf_gpiote_event_clear) for nrf_gpiote_event_clear
    nrf_drv_gpiote.o(i.GPIOTE_IRQHandler) refers to nrf_drv_gpiote.o(i.nrf_gpio_ports_read) for nrf_gpio_ports_read
    nrf_drv_gpiote.o(i.GPIOTE_IRQHandler) refers to nrf_drv_gpiote.o(i.nrf_bitmask_bit_is_set) for nrf_bitmask_bit_is_set
    nrf_drv_gpiote.o(i.GPIOTE_IRQHandler) refers to nrf_drv_gpiote.o(i.channel_port_get) for channel_port_get
    nrf_drv_gpiote.o(i.GPIOTE_IRQHandler) refers to nrf_drv_gpiote.o(i.nrf_gpio_cfg_sense_set) for nrf_gpio_cfg_sense_set
    nrf_drv_gpiote.o(i.GPIOTE_IRQHandler) refers to nrf_drv_gpiote.o(.bss) for .bss
    nrf_drv_gpiote.o(i.channel_free) refers to nrf_drv_gpiote.o(.bss) for .bss
    nrf_drv_gpiote.o(i.channel_port_alloc) refers to nrf_drv_gpiote.o(.bss) for .bss
    nrf_drv_gpiote.o(i.channel_port_get) refers to nrf_drv_gpiote.o(.bss) for .bss
    nrf_drv_gpiote.o(i.nrf_drv_gpiote_clr_task_addr_get) refers to nrf_drv_gpiote.o(i.channel_port_get) for channel_port_get
    nrf_drv_gpiote.o(i.nrf_drv_gpiote_clr_task_trigger) refers to nrf_drv_gpiote.o(i.channel_port_get) for channel_port_get
    nrf_drv_gpiote.o(i.nrf_drv_gpiote_in_event_addr_get) refers to nrf_drv_gpiote.o(i.pin_in_use_by_te) for pin_in_use_by_te
    nrf_drv_gpiote.o(i.nrf_drv_gpiote_in_event_addr_get) refers to nrf_drv_gpiote.o(i.channel_port_get) for channel_port_get
    nrf_drv_gpiote.o(i.nrf_drv_gpiote_in_event_disable) refers to nrf_drv_gpiote.o(i.pin_in_use_by_port) for pin_in_use_by_port
    nrf_drv_gpiote.o(i.nrf_drv_gpiote_in_event_disable) refers to nrf_drv_gpiote.o(i.nrf_gpio_cfg_sense_set) for nrf_gpio_cfg_sense_set
    nrf_drv_gpiote.o(i.nrf_drv_gpiote_in_event_disable) refers to nrf_drv_gpiote.o(i.pin_in_use_by_te) for pin_in_use_by_te
    nrf_drv_gpiote.o(i.nrf_drv_gpiote_in_event_disable) refers to nrf_drv_gpiote.o(i.channel_port_get) for channel_port_get
    nrf_drv_gpiote.o(i.nrf_drv_gpiote_in_event_enable) refers to nrf_drv_gpiote.o(i.pin_in_use_by_port) for pin_in_use_by_port
    nrf_drv_gpiote.o(i.nrf_drv_gpiote_in_event_enable) refers to nrf_drv_gpiote.o(i.channel_port_get) for channel_port_get
    nrf_drv_gpiote.o(i.nrf_drv_gpiote_in_event_enable) refers to nrf_drv_gpiote.o(i.nrf_gpio_cfg_sense_set) for nrf_gpio_cfg_sense_set
    nrf_drv_gpiote.o(i.nrf_drv_gpiote_in_event_enable) refers to nrf_drv_gpiote.o(i.pin_in_use_by_te) for pin_in_use_by_te
    nrf_drv_gpiote.o(i.nrf_drv_gpiote_in_event_enable) refers to nrf_drv_gpiote.o(i.nrf_gpiote_event_clear) for nrf_gpiote_event_clear
    nrf_drv_gpiote.o(i.nrf_drv_gpiote_in_event_enable) refers to nrf_drv_gpiote.o(.bss) for .bss
    nrf_drv_gpiote.o(i.nrf_drv_gpiote_in_init) refers to nrf_drv_gpiote.o(i.channel_port_alloc) for channel_port_alloc
    nrf_drv_gpiote.o(i.nrf_drv_gpiote_in_init) refers to nrf_drv_gpiote.o(i.nrf_gpio_cfg) for nrf_gpio_cfg
    nrf_drv_gpiote.o(i.nrf_drv_gpiote_in_init) refers to nrf_drv_gpiote.o(.bss) for .bss
    nrf_drv_gpiote.o(i.nrf_drv_gpiote_in_uninit) refers to nrf_drv_gpiote.o(i.nrf_drv_gpiote_in_event_disable) for nrf_drv_gpiote_in_event_disable
    nrf_drv_gpiote.o(i.nrf_drv_gpiote_in_uninit) refers to nrf_drv_gpiote.o(i.pin_in_use_by_te) for pin_in_use_by_te
    nrf_drv_gpiote.o(i.nrf_drv_gpiote_in_uninit) refers to nrf_drv_gpiote.o(i.channel_port_get) for channel_port_get
    nrf_drv_gpiote.o(i.nrf_drv_gpiote_in_uninit) refers to nrf_drv_gpiote.o(i.nrf_gpio_cfg_default) for nrf_gpio_cfg_default
    nrf_drv_gpiote.o(i.nrf_drv_gpiote_in_uninit) refers to nrf_drv_gpiote.o(i.channel_free) for channel_free
    nrf_drv_gpiote.o(i.nrf_drv_gpiote_in_uninit) refers to nrf_drv_gpiote.o(.bss) for .bss
    nrf_drv_gpiote.o(i.nrf_drv_gpiote_init) refers to nrf_drv_gpiote.o(i.channel_free) for channel_free
    nrf_drv_gpiote.o(i.nrf_drv_gpiote_init) refers to nrf_drv_common.o(i.nrf_drv_common_irq_enable) for nrf_drv_common_irq_enable
    nrf_drv_gpiote.o(i.nrf_drv_gpiote_init) refers to nrf_drv_gpiote.o(i.nrf_gpiote_event_clear) for nrf_gpiote_event_clear
    nrf_drv_gpiote.o(i.nrf_drv_gpiote_init) refers to nrf_drv_gpiote.o(.bss) for .bss
    nrf_drv_gpiote.o(i.nrf_drv_gpiote_is_init) refers to nrf_drv_gpiote.o(.bss) for .bss
    nrf_drv_gpiote.o(i.nrf_drv_gpiote_out_init) refers to nrf_drv_gpiote.o(i.channel_port_alloc) for channel_port_alloc
    nrf_drv_gpiote.o(i.nrf_drv_gpiote_out_init) refers to nrf_drv_gpiote.o(i.nrf_gpio_cfg) for nrf_gpio_cfg
    nrf_drv_gpiote.o(i.nrf_drv_gpiote_out_init) refers to nrf_drv_gpiote.o(.bss) for .bss
    nrf_drv_gpiote.o(i.nrf_drv_gpiote_out_task_addr_get) refers to nrf_drv_gpiote.o(i.channel_port_get) for channel_port_get
    nrf_drv_gpiote.o(i.nrf_drv_gpiote_out_task_disable) refers to nrf_drv_gpiote.o(.bss) for .bss
    nrf_drv_gpiote.o(i.nrf_drv_gpiote_out_task_enable) refers to nrf_drv_gpiote.o(.bss) for .bss
    nrf_drv_gpiote.o(i.nrf_drv_gpiote_out_task_force) refers to nrf_drv_gpiote.o(.bss) for .bss
    nrf_drv_gpiote.o(i.nrf_drv_gpiote_out_task_trigger) refers to nrf_drv_gpiote.o(i.channel_port_get) for channel_port_get
    nrf_drv_gpiote.o(i.nrf_drv_gpiote_out_uninit) refers to nrf_drv_gpiote.o(i.pin_in_use_by_te) for pin_in_use_by_te
    nrf_drv_gpiote.o(i.nrf_drv_gpiote_out_uninit) refers to nrf_drv_gpiote.o(i.channel_port_get) for channel_port_get
    nrf_drv_gpiote.o(i.nrf_drv_gpiote_out_uninit) refers to nrf_drv_gpiote.o(i.channel_free) for channel_free
    nrf_drv_gpiote.o(i.nrf_drv_gpiote_out_uninit) refers to nrf_drv_gpiote.o(i.nrf_gpio_cfg_default) for nrf_gpio_cfg_default
    nrf_drv_gpiote.o(i.nrf_drv_gpiote_out_uninit) refers to nrf_drv_gpiote.o(.bss) for .bss
    nrf_drv_gpiote.o(i.nrf_drv_gpiote_set_task_addr_get) refers to nrf_drv_gpiote.o(i.channel_port_get) for channel_port_get
    nrf_drv_gpiote.o(i.nrf_drv_gpiote_set_task_trigger) refers to nrf_drv_gpiote.o(i.channel_port_get) for channel_port_get
    nrf_drv_gpiote.o(i.nrf_drv_gpiote_uninit) refers to nrf_drv_gpiote.o(i.nrf_drv_gpiote_in_uninit) for nrf_drv_gpiote_in_uninit
    nrf_drv_gpiote.o(i.nrf_drv_gpiote_uninit) refers to nrf_drv_gpiote.o(i.nrf_drv_gpiote_out_uninit) for nrf_drv_gpiote_out_uninit
    nrf_drv_gpiote.o(i.nrf_drv_gpiote_uninit) refers to nrf_drv_gpiote.o(.bss) for .bss
    nrf_drv_gpiote.o(i.nrf_gpio_cfg_default) refers to nrf_drv_gpiote.o(i.nrf_gpio_cfg) for nrf_gpio_cfg
    nrf_drv_gpiote.o(i.nrf_gpio_ports_read) refers to nrf_drv_gpiote.o(.constdata) for .constdata
    nrf_drv_gpiote.o(i.pin_in_use_by_port) refers to nrf_drv_gpiote.o(.bss) for .bss
    nrf_drv_gpiote.o(i.pin_in_use_by_te) refers to nrf_drv_gpiote.o(.bss) for .bss
    app_timer.o(i.RTC1_IRQHandler) refers to app_timer.o(i.timer_timeouts_check) for timer_timeouts_check
    app_timer.o(i.SWI0_EGU0_IRQHandler) refers to app_timer.o(i.timer_list_handler) for timer_list_handler
    app_timer.o(i.app_timer_create) refers to app_timer.o(.bss) for .bss
    app_timer.o(i.app_timer_init) refers to app_timer.o(i.rtc1_stop) for rtc1_stop
    app_timer.o(i.app_timer_init) refers to app_timer.o(i.NVIC_ClearPendingIRQ) for NVIC_ClearPendingIRQ
    app_timer.o(i.app_timer_init) refers to app_timer.o(i.NVIC_SetPriority) for NVIC_SetPriority
    app_timer.o(i.app_timer_init) refers to app_timer.o(i.NVIC_EnableIRQ) for NVIC_EnableIRQ
    app_timer.o(i.app_timer_init) refers to app_timer.o(.bss) for .bss
    app_timer.o(i.app_timer_init) refers to app_timer.o(.data) for .data
    app_timer.o(i.app_timer_op_queue_utilization_get) refers to app_timer.o(.data) for .data
    app_timer.o(i.app_timer_start) refers to app_util_platform.o(i.app_util_critical_region_enter) for app_util_critical_region_enter
    app_timer.o(i.app_timer_start) refers to app_timer.o(i.user_op_alloc) for user_op_alloc
    app_timer.o(i.app_timer_start) refers to app_util_platform.o(i.app_util_critical_region_exit) for app_util_critical_region_exit
    app_timer.o(i.app_timer_start) refers to app_timer.o(i.NVIC_SetPendingIRQ) for NVIC_SetPendingIRQ
    app_timer.o(i.app_timer_start) refers to app_timer.o(.bss) for .bss
    app_timer.o(i.app_timer_stop) refers to app_timer.o(i.timer_stop_op_schedule) for timer_stop_op_schedule
    app_timer.o(i.app_timer_stop) refers to app_timer.o(.bss) for .bss
    app_timer.o(i.app_timer_stop_all) refers to app_timer.o(i.timer_stop_op_schedule) for timer_stop_op_schedule
    app_timer.o(i.app_timer_stop_all) refers to app_timer.o(.bss) for .bss
    app_timer.o(i.compare_reg_update) refers to app_timer.o(i.NVIC_ClearPendingIRQ) for NVIC_ClearPendingIRQ
    app_timer.o(i.compare_reg_update) refers to app_timer.o(i.NVIC_EnableIRQ) for NVIC_EnableIRQ
    app_timer.o(i.compare_reg_update) refers to app_timer.o(i.nrf_delay_us) for nrf_delay_us
    app_timer.o(i.compare_reg_update) refers to app_timer.o(i.NVIC_SetPendingIRQ) for NVIC_SetPendingIRQ
    app_timer.o(i.compare_reg_update) refers to app_timer.o(i.rtc1_stop) for rtc1_stop
    app_timer.o(i.compare_reg_update) refers to app_timer.o(.data) for .data
    app_timer.o(i.elapsed_ticks_acquire) refers to app_timer.o(.data) for .data
    app_timer.o(i.list_insertions_handler) refers to app_timer.o(i.timer_list_remove) for timer_list_remove
    app_timer.o(i.list_insertions_handler) refers to app_timer.o(i.timer_list_insert) for timer_list_insert
    app_timer.o(i.list_insertions_handler) refers to app_timer.o(.data) for .data
    app_timer.o(i.list_insertions_handler) refers to app_timer.o(.bss) for .bss
    app_timer.o(i.nrf_delay_us) refers to system_nrf52.o(.data) for SystemCoreClock
    app_timer.o(i.rtc1_stop) refers to app_timer.o(i.nrf_delay_us) for nrf_delay_us
    app_timer.o(i.rtc1_stop) refers to app_timer.o(.data) for .data
    app_timer.o(i.timer_list_handler) refers to app_timer.o(i.elapsed_ticks_acquire) for elapsed_ticks_acquire
    app_timer.o(i.timer_list_handler) refers to app_timer.o(i.list_insertions_handler) for list_insertions_handler
    app_timer.o(i.timer_list_handler) refers to app_timer.o(i.compare_reg_update) for compare_reg_update
    app_timer.o(i.timer_list_handler) refers to app_timer.o(.bss) for .bss
    app_timer.o(i.timer_list_handler) refers to app_timer.o(.data) for .data
    app_timer.o(i.timer_list_insert) refers to app_timer.o(.data) for .data
    app_timer.o(i.timer_list_remove) refers to app_timer.o(i.nrf_delay_us) for nrf_delay_us
    app_timer.o(i.timer_list_remove) refers to app_timer.o(.data) for .data
    app_timer.o(i.timer_stop_op_schedule) refers to app_util_platform.o(i.app_util_critical_region_enter) for app_util_critical_region_enter
    app_timer.o(i.timer_stop_op_schedule) refers to app_timer.o(i.user_op_alloc) for user_op_alloc
    app_timer.o(i.timer_stop_op_schedule) refers to app_util_platform.o(i.app_util_critical_region_exit) for app_util_critical_region_exit
    app_timer.o(i.timer_stop_op_schedule) refers to app_timer.o(i.NVIC_SetPendingIRQ) for NVIC_SetPendingIRQ
    app_timer.o(i.timer_stop_op_schedule) refers to app_timer.o(.bss) for .bss
    app_timer.o(i.timer_timeouts_check) refers to app_timer.o(i.NVIC_SetPendingIRQ) for NVIC_SetPendingIRQ
    app_timer.o(i.timer_timeouts_check) refers to app_timer.o(.data) for .data
    app_timer.o(i.user_op_alloc) refers to app_timer.o(.bss) for .bss
    app_error.o(i.app_error_handler) refers to app_error_weak.o(i.app_error_fault_handler) for app_error_fault_handler
    app_error.o(i.app_error_handler_bare) refers to app_error_weak.o(i.app_error_fault_handler) for app_error_fault_handler
    app_error.o(i.app_error_save_and_stop) refers to app_error.o(.bss) for .bss
    app_util_platform.o(i.app_util_critical_region_enter) refers to app_util_platform.o(i.app_util_disable_irq) for app_util_disable_irq
    app_util_platform.o(i.app_util_critical_region_exit) refers to app_util_platform.o(i.app_util_enable_irq) for app_util_enable_irq
    app_util_platform.o(i.app_util_disable_irq) refers to app_util_platform.o(.data) for .data
    app_util_platform.o(i.app_util_enable_irq) refers to app_util_platform.o(.data) for .data
    nrf_assert.o(i.assert_nrf_callback) refers to app_error_weak.o(i.app_error_fault_handler) for app_error_fault_handler
    nrf_balloc.o(i.nrf_balloc_alloc) refers to app_util_platform.o(i.app_util_critical_region_enter) for app_util_critical_region_enter
    nrf_balloc.o(i.nrf_balloc_alloc) refers to app_util_platform.o(i.app_util_critical_region_exit) for app_util_critical_region_exit
    nrf_balloc.o(i.nrf_balloc_free) refers to app_util_platform.o(i.app_util_critical_region_enter) for app_util_critical_region_enter
    nrf_balloc.o(i.nrf_balloc_free) refers to app_util_platform.o(i.app_util_critical_region_exit) for app_util_critical_region_exit
    nrf_memobj.o(i.memobj_op) refers to memcpya.o(.text) for __aeabi_memcpy
    nrf_memobj.o(i.nrf_memobj_alloc) refers to nrf_balloc.o(i.nrf_balloc_alloc) for nrf_balloc_alloc
    nrf_memobj.o(i.nrf_memobj_alloc) refers to nrf_memobj.o(i.nrf_memobj_free) for nrf_memobj_free
    nrf_memobj.o(i.nrf_memobj_free) refers to nrf_balloc.o(i.nrf_balloc_free) for nrf_balloc_free
    nrf_memobj.o(i.nrf_memobj_get) refers to nrf_memobj.o(.emb_text) for __asm___12_nrf_memobj_c_9bb9f865__nrf_atomic_internal_add
    nrf_memobj.o(i.nrf_memobj_pool_init) refers to nrf_balloc.o(i.nrf_balloc_init) for nrf_balloc_init
    nrf_memobj.o(i.nrf_memobj_put) refers to nrf_memobj.o(.emb_text) for __asm___12_nrf_memobj_c_9bb9f865__nrf_atomic_internal_sub
    nrf_memobj.o(i.nrf_memobj_put) refers to nrf_memobj.o(i.nrf_memobj_free) for nrf_memobj_free
    nrf_memobj.o(i.nrf_memobj_read) refers to nrf_memobj.o(i.memobj_op) for memobj_op
    nrf_memobj.o(i.nrf_memobj_write) refers to nrf_memobj.o(i.memobj_op) for memobj_op
    nrf_strerror.o(i.nrf_strerror_find) refers to nrf_strerror.o(.constdata) for .constdata
    nrf_strerror.o(i.nrf_strerror_get) refers to nrf_strerror.o(i.nrf_strerror_find) for nrf_strerror_find
    nrf_strerror.o(i.nrf_strerror_get) refers to nrf_strerror.o(.constdata) for .constdata
    nrf_strerror.o(.constdata) refers to nrf_strerror.o(.conststring) for .conststring
    pl57h56_1.o(i.gradual) refers to pl57h56_1.o(.bss) for .bss
    pl57h56_1.o(i.pl_init) refers to pl57h56_1.o(i.nrf_gpio_cfg_output) for nrf_gpio_cfg_output
    pl57h56_1.o(i.pl_init) refers to nrf_drv_timer.o(i.nrf_drv_timer_init) for nrf_drv_timer_init
    pl57h56_1.o(i.pl_init) refers to pl57h56_1.o(i.nrf_drv_timer_ms_to_ticks) for nrf_drv_timer_ms_to_ticks
    pl57h56_1.o(i.pl_init) refers to nrf_drv_timer.o(i.nrf_drv_timer_extended_compare) for nrf_drv_timer_extended_compare
    pl57h56_1.o(i.pl_init) refers to nrf_drv_timer.o(i.nrf_drv_timer_enable) for nrf_drv_timer_enable
    pl57h56_1.o(i.pl_init) refers to frequency.o(i.freq_init) for freq_init
    pl57h56_1.o(i.pl_init) refers to pl57h56_1.o(.bss) for .bss
    pl57h56_1.o(i.pl_init) refers to pl57h56_1.o(.data) for .data
    pl57h56_1.o(i.pl_init) refers to pl57h56_1.o(i.timer_grand_event_handler) for timer_grand_event_handler
    pl57h56_1.o(i.pl_init) refers to pl57h56_1.o(.constdata) for .constdata
    pl57h56_1.o(i.pl_start) refers to frequency.o(i.freq_pin_Hz) for freq_pin_Hz
    pl57h56_1.o(i.pl_start) refers to pl57h56_1.o(.bss) for .bss
    pl57h56_1.o(i.timer_grand_event_handler) refers to frequency.o(i.freq_pin_Hz) for freq_pin_Hz
    pl57h56_1.o(i.timer_grand_event_handler) refers to pl57h56_1.o(.bss) for .bss
    frequency.o(i.freq_init) refers to nrf_drv_timer.o(i.nrf_drv_timer_init) for nrf_drv_timer_init
    frequency.o(i.freq_init) refers to app_error.o(i.app_error_handler_bare) for app_error_handler_bare
    frequency.o(i.freq_init) refers to frequency.o(.data) for .data
    frequency.o(i.freq_init) refers to frequency.o(i.timer_led_event_handler) for timer_led_event_handler
    frequency.o(i.freq_init) refers to frequency.o(.constdata) for .constdata
    frequency.o(i.freq_pin_Hz) refers to nrf_drv_timer.o(i.nrf_drv_timer_extended_compare) for nrf_drv_timer_extended_compare
    frequency.o(i.freq_pin_Hz) refers to nrf_drv_timer.o(i.nrf_drv_timer_enable) for nrf_drv_timer_enable
    frequency.o(i.freq_pin_Hz) refers to nrf_drv_timer.o(i.nrf_drv_timer_disable) for nrf_drv_timer_disable
    frequency.o(i.freq_pin_Hz) refers to frequency.o(.constdata) for .constdata
    frequency.o(i.freq_pin_Hz) refers to frequency.o(.data) for .data
    frequency.o(i.freq_timer_stop) refers to nrf_drv_timer.o(i.nrf_drv_timer_disable) for nrf_drv_timer_disable
    frequency.o(i.freq_timer_stop) refers to nrf_drv_timer.o(i.nrf_drv_timer_uninit) for nrf_drv_timer_uninit
    frequency.o(i.freq_timer_stop) refers to frequency.o(.constdata) for .constdata
    frequency.o(i.timer_led_event_handler) refers to frequency.o(.data) for .data
    arm_startup_nrf52.o(RESET) refers to arm_startup_nrf52.o(STACK) for __initial_sp
    arm_startup_nrf52.o(RESET) refers to arm_startup_nrf52.o(.text) for Reset_Handler
    arm_startup_nrf52.o(RESET) refers to nrf_drv_gpiote.o(i.GPIOTE_IRQHandler) for GPIOTE_IRQHandler
    arm_startup_nrf52.o(RESET) refers to nrf_drv_timer.o(i.TIMER0_IRQHandler) for TIMER0_IRQHandler
    arm_startup_nrf52.o(RESET) refers to nrf_drv_timer.o(i.TIMER1_IRQHandler) for TIMER1_IRQHandler
    arm_startup_nrf52.o(RESET) refers to nrf_drv_timer.o(i.TIMER2_IRQHandler) for TIMER2_IRQHandler
    arm_startup_nrf52.o(RESET) refers to app_timer.o(i.RTC1_IRQHandler) for RTC1_IRQHandler
    arm_startup_nrf52.o(RESET) refers to app_timer.o(i.SWI0_EGU0_IRQHandler) for SWI0_EGU0_IRQHandler
    arm_startup_nrf52.o(.text) refers to system_nrf52.o(i.SystemInit) for SystemInit
    arm_startup_nrf52.o(.text) refers to entry.o(.ARM.Collect$$$$00000000) for __main
    system_nrf52.o(i.SystemCoreClockUpdate) refers to system_nrf52.o(.data) for .data
    system_nrf52.o(i.SystemInit) refers to system_nrf52.o(.data) for .data
    entry.o(.ARM.Collect$$$$00000000) refers (Special) to entry10a.o(.ARM.Collect$$$$0000000D) for __rt_final_cpp
    entry.o(.ARM.Collect$$$$00000000) refers (Special) to entry11a.o(.ARM.Collect$$$$0000000F) for __rt_final_exit
    entry.o(.ARM.Collect$$$$00000000) refers (Special) to entry7b.o(.ARM.Collect$$$$00000008) for _main_clock
    entry.o(.ARM.Collect$$$$00000000) refers (Special) to entry8b.o(.ARM.Collect$$$$0000000A) for _main_cpp_init
    entry.o(.ARM.Collect$$$$00000000) refers (Special) to entry9a.o(.ARM.Collect$$$$0000000B) for _main_init
    entry.o(.ARM.Collect$$$$00000000) refers (Special) to entry5.o(.ARM.Collect$$$$00000004) for _main_scatterload
    entry.o(.ARM.Collect$$$$00000000) refers (Special) to entry2.o(.ARM.Collect$$$$00000001) for _main_stk
    entry2.o(.ARM.Collect$$$$00000001) refers to entry2.o(.ARM.Collect$$$$00002712) for __lit__00000000
    entry2.o(.ARM.Collect$$$$00002712) refers to arm_startup_nrf52.o(STACK) for __initial_sp
    entry2.o(__vectab_stack_and_reset_area) refers to arm_startup_nrf52.o(STACK) for __initial_sp
    entry2.o(__vectab_stack_and_reset_area) refers to entry.o(.ARM.Collect$$$$00000000) for __main
    entry5.o(.ARM.Collect$$$$00000004) refers to init.o(.text) for __scatterload
    entry9a.o(.ARM.Collect$$$$0000000B) refers to main.o(i.main) for main
    entry9b.o(.ARM.Collect$$$$0000000C) refers to main.o(i.main) for main
    init.o(.text) refers to entry5.o(.ARM.Collect$$$$00000004) for __main_after_scatterload


==============================================================================

Removing Unused input sections from the image.

    Removing main.o(.rev16_text), (4 bytes).
    Removing main.o(.revsh_text), (4 bytes).
    Removing main.o(.rrx_text), (6 bytes).
    Removing main.o(.data), (4 bytes).
    Removing boards.o(.rev16_text), (4 bytes).
    Removing boards.o(.revsh_text), (4 bytes).
    Removing boards.o(.rrx_text), (6 bytes).
    Removing boards.o(i.bsp_board_button_idx_to_pin), (12 bytes).
    Removing boards.o(i.bsp_board_button_state_get), (32 bytes).
    Removing boards.o(i.bsp_board_buttons_init), (36 bytes).
    Removing boards.o(i.bsp_board_led_idx_to_pin), (12 bytes).
    Removing boards.o(i.bsp_board_led_invert), (36 bytes).
    Removing boards.o(i.bsp_board_led_off), (16 bytes).
    Removing boards.o(i.bsp_board_led_on), (16 bytes).
    Removing boards.o(i.bsp_board_led_state_get), (32 bytes).
    Removing boards.o(i.bsp_board_leds_init), (44 bytes).
    Removing boards.o(i.bsp_board_leds_off), (18 bytes).
    Removing boards.o(i.bsp_board_leds_on), (18 bytes).
    Removing boards.o(i.bsp_board_pin_to_button_idx), (36 bytes).
    Removing boards.o(i.bsp_board_pin_to_led_idx), (36 bytes).
    Removing boards.o(i.nrf_gpio_cfg), (36 bytes).
    Removing boards.o(i.nrf_gpio_pin_write), (22 bytes).
    Removing boards.o(.constdata), (8 bytes).
    Removing nrf_drv_common.o(.rev16_text), (4 bytes).
    Removing nrf_drv_common.o(.revsh_text), (4 bytes).
    Removing nrf_drv_common.o(.rrx_text), (6 bytes).
    Removing nrf_drv_timer.o(.rev16_text), (4 bytes).
    Removing nrf_drv_timer.o(.revsh_text), (4 bytes).
    Removing nrf_drv_timer.o(.rrx_text), (6 bytes).
    Removing nrf_drv_timer.o(i.nrf_drv_timer_capture), (30 bytes).
    Removing nrf_drv_timer.o(i.nrf_drv_timer_clear), (8 bytes).
    Removing nrf_drv_timer.o(i.nrf_drv_timer_compare_int_disable), (14 bytes).
    Removing nrf_drv_timer.o(i.nrf_drv_timer_compare_int_enable), (36 bytes).
    Removing nrf_drv_timer.o(i.nrf_drv_timer_increment), (8 bytes).
    Removing nrf_drv_timer.o(i.nrf_drv_timer_pause), (8 bytes).
    Removing nrf_drv_timer.o(i.nrf_drv_timer_resume), (8 bytes).
    Removing nrf_drv_timer.o(i.nrf_drv_timer_uninit), (96 bytes).
    Removing nrf_drv_timer.o(.constdata), (19 bytes).
    Removing nrf_drv_gpiote.o(.rev16_text), (4 bytes).
    Removing nrf_drv_gpiote.o(.revsh_text), (4 bytes).
    Removing nrf_drv_gpiote.o(.rrx_text), (6 bytes).
    Removing nrf_drv_gpiote.o(i.channel_free), (28 bytes).
    Removing nrf_drv_gpiote.o(i.channel_port_alloc), (72 bytes).
    Removing nrf_drv_gpiote.o(i.nrf_drv_gpiote_clr_task_addr_get), (24 bytes).
    Removing nrf_drv_gpiote.o(i.nrf_drv_gpiote_clr_task_trigger), (28 bytes).
    Removing nrf_drv_gpiote.o(i.nrf_drv_gpiote_in_event_addr_get), (40 bytes).
    Removing nrf_drv_gpiote.o(i.nrf_drv_gpiote_in_event_disable), (72 bytes).
    Removing nrf_drv_gpiote.o(i.nrf_drv_gpiote_in_event_enable), (164 bytes).
    Removing nrf_drv_gpiote.o(i.nrf_drv_gpiote_in_init), (184 bytes).
    Removing nrf_drv_gpiote.o(i.nrf_drv_gpiote_in_is_set), (20 bytes).
    Removing nrf_drv_gpiote.o(i.nrf_drv_gpiote_in_uninit), (72 bytes).
    Removing nrf_drv_gpiote.o(i.nrf_drv_gpiote_init), (92 bytes).
    Removing nrf_drv_gpiote.o(i.nrf_drv_gpiote_is_init), (20 bytes).
    Removing nrf_drv_gpiote.o(i.nrf_drv_gpiote_out_clear), (14 bytes).
    Removing nrf_drv_gpiote.o(i.nrf_drv_gpiote_out_init), (184 bytes).
    Removing nrf_drv_gpiote.o(i.nrf_drv_gpiote_out_set), (14 bytes).
    Removing nrf_drv_gpiote.o(i.nrf_drv_gpiote_out_task_addr_get), (20 bytes).
    Removing nrf_drv_gpiote.o(i.nrf_drv_gpiote_out_task_disable), (36 bytes).
    Removing nrf_drv_gpiote.o(i.nrf_drv_gpiote_out_task_enable), (36 bytes).
    Removing nrf_drv_gpiote.o(i.nrf_drv_gpiote_out_task_force), (40 bytes).
    Removing nrf_drv_gpiote.o(i.nrf_drv_gpiote_out_task_trigger), (24 bytes).
    Removing nrf_drv_gpiote.o(i.nrf_drv_gpiote_out_toggle), (28 bytes).
    Removing nrf_drv_gpiote.o(i.nrf_drv_gpiote_out_uninit), (68 bytes).
    Removing nrf_drv_gpiote.o(i.nrf_drv_gpiote_set_task_addr_get), (24 bytes).
    Removing nrf_drv_gpiote.o(i.nrf_drv_gpiote_set_task_trigger), (28 bytes).
    Removing nrf_drv_gpiote.o(i.nrf_drv_gpiote_uninit), (56 bytes).
    Removing nrf_drv_gpiote.o(i.nrf_gpio_cfg), (36 bytes).
    Removing nrf_drv_gpiote.o(i.nrf_gpio_cfg_default), (18 bytes).
    Removing nrf_drv_gpiote.o(i.pin_in_use_by_port), (24 bytes).
    Removing nrf_drv_gpiote.o(i.pin_in_use_by_te), (24 bytes).
    Removing nrf_drv_gpiote.o(.constdata), (20 bytes).
    Removing nrf_drv_gpiote.o(.constdata), (24 bytes).
    Removing nrf_drv_gpiote.o(.constdata), (23 bytes).
    Removing app_timer.o(.rev16_text), (4 bytes).
    Removing app_timer.o(.revsh_text), (4 bytes).
    Removing app_timer.o(.rrx_text), (6 bytes).
    Removing app_timer.o(i.NVIC_SetPriority), (32 bytes).
    Removing app_timer.o(i.app_timer_cnt_diff_compute), (8 bytes).
    Removing app_timer.o(i.app_timer_cnt_get), (12 bytes).
    Removing app_timer.o(i.app_timer_create), (40 bytes).
    Removing app_timer.o(i.app_timer_init), (84 bytes).
    Removing app_timer.o(i.app_timer_op_queue_utilization_get), (12 bytes).
    Removing app_timer.o(i.app_timer_pause), (12 bytes).
    Removing app_timer.o(i.app_timer_resume), (12 bytes).
    Removing app_timer.o(i.app_timer_start), (128 bytes).
    Removing app_timer.o(i.app_timer_stop), (32 bytes).
    Removing app_timer.o(i.app_timer_stop_all), (24 bytes).
    Removing app_timer.o(i.timer_stop_op_schedule), (64 bytes).
    Removing app_timer.o(i.user_op_alloc), (48 bytes).
    Removing app_error.o(.rev16_text), (4 bytes).
    Removing app_error.o(.revsh_text), (4 bytes).
    Removing app_error.o(.rrx_text), (6 bytes).
    Removing app_error.o(i.app_error_handler), (24 bytes).
    Removing app_error.o(i.app_error_save_and_stop), (100 bytes).
    Removing app_error.o(.bss), (32 bytes).
    Removing app_error_weak.o(.rev16_text), (4 bytes).
    Removing app_error_weak.o(.revsh_text), (4 bytes).
    Removing app_error_weak.o(.rrx_text), (6 bytes).
    Removing app_util_platform.o(.rev16_text), (4 bytes).
    Removing app_util_platform.o(.revsh_text), (4 bytes).
    Removing app_util_platform.o(.rrx_text), (6 bytes).
    Removing app_util_platform.o(i.app_util_critical_region_enter), (4 bytes).
    Removing app_util_platform.o(i.app_util_critical_region_exit), (4 bytes).
    Removing app_util_platform.o(i.app_util_disable_irq), (16 bytes).
    Removing app_util_platform.o(i.app_util_enable_irq), (20 bytes).
    Removing app_util_platform.o(i.current_int_priority_get), (48 bytes).
    Removing app_util_platform.o(i.privilege_level_get), (26 bytes).
    Removing app_util_platform.o(.data), (4 bytes).
    Removing nrf_assert.o(.rev16_text), (4 bytes).
    Removing nrf_assert.o(.revsh_text), (4 bytes).
    Removing nrf_assert.o(.rrx_text), (6 bytes).
    Removing nrf_assert.o(i.assert_nrf_callback), (22 bytes).
    Removing nrf_balloc.o(.rev16_text), (4 bytes).
    Removing nrf_balloc.o(.revsh_text), (4 bytes).
    Removing nrf_balloc.o(.rrx_text), (6 bytes).
    Removing nrf_balloc.o(i.nrf_balloc_alloc), (62 bytes).
    Removing nrf_balloc.o(i.nrf_balloc_free), (42 bytes).
    Removing nrf_balloc.o(i.nrf_balloc_init), (48 bytes).
    Removing nrf_memobj.o(.rev16_text), (4 bytes).
    Removing nrf_memobj.o(.revsh_text), (4 bytes).
    Removing nrf_memobj.o(.rrx_text), (6 bytes).
    Removing nrf_memobj.o(.emb_text), (154 bytes).
    Removing nrf_memobj.o(i.memobj_op), (118 bytes).
    Removing nrf_memobj.o(i.nrf_memobj_alloc), (96 bytes).
    Removing nrf_memobj.o(i.nrf_memobj_free), (50 bytes).
    Removing nrf_memobj.o(i.nrf_memobj_get), (14 bytes).
    Removing nrf_memobj.o(i.nrf_memobj_pool_init), (4 bytes).
    Removing nrf_memobj.o(i.nrf_memobj_put), (34 bytes).
    Removing nrf_memobj.o(i.nrf_memobj_read), (12 bytes).
    Removing nrf_memobj.o(i.nrf_memobj_write), (12 bytes).
    Removing nrf_strerror.o(.rev16_text), (4 bytes).
    Removing nrf_strerror.o(.revsh_text), (4 bytes).
    Removing nrf_strerror.o(.rrx_text), (6 bytes).
    Removing nrf_strerror.o(i.nrf_strerror_find), (56 bytes).
    Removing nrf_strerror.o(i.nrf_strerror_get), (20 bytes).
    Removing nrf_strerror.o(.constdata), (260 bytes).
    Removing nrf_strerror.o(.conststring), (776 bytes).
    Removing pl57h56_1.o(.rev16_text), (4 bytes).
    Removing pl57h56_1.o(.revsh_text), (4 bytes).
    Removing pl57h56_1.o(.rrx_text), (6 bytes).
    Removing pl57h56_1.o(i.gradual), (12 bytes).
    Removing frequency.o(.rev16_text), (4 bytes).
    Removing frequency.o(.revsh_text), (4 bytes).
    Removing frequency.o(.rrx_text), (6 bytes).
    Removing frequency.o(i.freq_timer_stop), (24 bytes).
    Removing nrf_log_frontend.o(.rev16_text), (4 bytes).
    Removing nrf_log_frontend.o(.revsh_text), (4 bytes).
    Removing nrf_log_frontend.o(.rrx_text), (6 bytes).
    Removing arm_startup_nrf52.o(HEAP), (8192 bytes).
    Removing system_nrf52.o(.rev16_text), (4 bytes).
    Removing system_nrf52.o(.revsh_text), (4 bytes).
    Removing system_nrf52.o(.rrx_text), (6 bytes).
    Removing system_nrf52.o(i.SystemCoreClockUpdate), (16 bytes).

153 unused section(s) (total 13246 bytes) removed from the image.

==============================================================================

Image Symbol Table

    Local Symbols

    Symbol Name                              Value     Ov Type        Size  Object(Section)

    RESET                                    0x00000000   Section      512  arm_startup_nrf52.o(RESET)
    ../clib/microlib/init/entry.s            0x00000000   Number         0  entry2.o ABSOLUTE
    ../clib/microlib/init/entry.s            0x00000000   Number         0  entry5.o ABSOLUTE
    ../clib/microlib/init/entry.s            0x00000000   Number         0  entry.o ABSOLUTE
    ../clib/microlib/init/entry.s            0x00000000   Number         0  entry7b.o ABSOLUTE
    ../clib/microlib/init/entry.s            0x00000000   Number         0  entry8a.o ABSOLUTE
    ../clib/microlib/init/entry.s            0x00000000   Number         0  entry8b.o ABSOLUTE
    ../clib/microlib/init/entry.s            0x00000000   Number         0  entry9b.o ABSOLUTE
    ../clib/microlib/init/entry.s            0x00000000   Number         0  entry11b.o ABSOLUTE
    ../clib/microlib/init/entry.s            0x00000000   Number         0  entry10a.o ABSOLUTE
    ../clib/microlib/init/entry.s            0x00000000   Number         0  entry10b.o ABSOLUTE
    ../clib/microlib/init/entry.s            0x00000000   Number         0  entry11a.o ABSOLUTE
    ../clib/microlib/init/entry.s            0x00000000   Number         0  entry9a.o ABSOLUTE
    ../clib/microlib/init/entry.s            0x00000000   Number         0  entry7a.o ABSOLUTE
    ../clib/microlib/string/memcpy.c         0x00000000   Number         0  memcpyb.o ABSOLUTE
    ../clib/microlib/string/memcpy.c         0x00000000   Number         0  memcpya.o ABSOLUTE
    ..\..\..\..\..\..\components\boards\boards.c 0x00000000   Number         0  boards.o ABSOLUTE
    ..\..\..\..\..\..\components\drivers_nrf\common\nrf_drv_common.c 0x00000000   Number         0  nrf_drv_common.o ABSOLUTE
    ..\..\..\..\..\..\components\drivers_nrf\gpiote\nrf_drv_gpiote.c 0x00000000   Number         0  nrf_drv_gpiote.o ABSOLUTE
    ..\..\..\..\..\..\components\drivers_nrf\timer\nrf_drv_timer.c 0x00000000   Number         0  nrf_drv_timer.o ABSOLUTE
    ..\..\..\..\..\..\components\libraries\balloc\nrf_balloc.c 0x00000000   Number         0  nrf_balloc.o ABSOLUTE
    ..\..\..\..\..\..\components\libraries\experimental_log\src\nrf_log_frontend.c 0x00000000   Number         0  nrf_log_frontend.o ABSOLUTE
    ..\..\..\..\..\..\components\libraries\experimental_memobj\nrf_memobj.c 0x00000000   Number         0  nrf_memobj.o ABSOLUTE
    ..\..\..\..\..\..\components\libraries\frequency\frequency.c 0x00000000   Number         0  frequency.o ABSOLUTE
    ..\..\..\..\..\..\components\libraries\strerror\nrf_strerror.c 0x00000000   Number         0  nrf_strerror.o ABSOLUTE
    ..\..\..\..\..\..\components\libraries\timer\app_timer.c 0x00000000   Number         0  app_timer.o ABSOLUTE
    ..\..\..\..\..\..\components\libraries\util\app_error.c 0x00000000   Number         0  app_error.o ABSOLUTE
    ..\..\..\..\..\..\components\libraries\util\app_error_weak.c 0x00000000   Number         0  app_error_weak.o ABSOLUTE
    ..\..\..\..\..\..\components\libraries\util\app_util_platform.c 0x00000000   Number         0  app_util_platform.o ABSOLUTE
    ..\..\..\..\..\..\components\libraries\util\nrf_assert.c 0x00000000   Number         0  nrf_assert.o ABSOLUTE
    ..\..\..\main.c                          0x00000000   Number         0  main.o ABSOLUTE
    ..\\..\\..\\..\\..\\..\\components\\boards\\boards.c 0x00000000   Number         0  boards.o ABSOLUTE
    ..\\..\\..\\..\\..\\..\\components\\drivers_nrf\\common\\nrf_drv_common.c 0x00000000   Number         0  nrf_drv_common.o ABSOLUTE
    ..\\..\\..\\..\\..\\..\\components\\drivers_nrf\\gpiote\\nrf_drv_gpiote.c 0x00000000   Number         0  nrf_drv_gpiote.o ABSOLUTE
    ..\\..\\..\\..\\..\\..\\components\\drivers_nrf\\timer\\nrf_drv_timer.c 0x00000000   Number         0  nrf_drv_timer.o ABSOLUTE
    ..\\..\\..\\..\\..\\..\\components\\libraries\\balloc\\nrf_balloc.c 0x00000000   Number         0  nrf_balloc.o ABSOLUTE
    ..\\..\\..\\..\\..\\..\\components\\libraries\\experimental_log\\src\\nrf_log_frontend.c 0x00000000   Number         0  nrf_log_frontend.o ABSOLUTE
    ..\\..\\..\\..\\..\\..\\components\\libraries\\experimental_memobj\\nrf_memobj.c 0x00000000   Number         0  nrf_memobj.o ABSOLUTE
    ..\\..\\..\\..\\..\\..\\components\\libraries\\frequency\\frequency.c 0x00000000   Number         0  frequency.o ABSOLUTE
    ..\\..\\..\\..\\..\\..\\components\\libraries\\strerror\\nrf_strerror.c 0x00000000   Number         0  nrf_strerror.o ABSOLUTE
    ..\\..\\..\\..\\..\\..\\components\\libraries\\timer\\app_timer.c 0x00000000   Number         0  app_timer.o ABSOLUTE
    ..\\..\\..\\..\\..\\..\\components\\libraries\\util\\app_error.c 0x00000000   Number         0  app_error.o ABSOLUTE
    ..\\..\\..\\..\\..\\..\\components\\libraries\\util\\app_error_weak.c 0x00000000   Number         0  app_error_weak.o ABSOLUTE
    ..\\..\\..\\..\\..\\..\\components\\libraries\\util\\app_util_platform.c 0x00000000   Number         0  app_util_platform.o ABSOLUTE
    ..\\..\\..\\..\\..\\..\\components\\libraries\\util\\nrf_assert.c 0x00000000   Number         0  nrf_assert.o ABSOLUTE
    ..\\..\\..\\main.c                       0x00000000   Number         0  main.o ABSOLUTE
    PL57H56\PL57H56.c                        0x00000000   Number         0  pl57h56_1.o ABSOLUTE
    PL57H56\\PL57H56.c                       0x00000000   Number         0  pl57h56_1.o ABSOLUTE
    RTE\Device\nRF52832_xxAA\arm_startup_nrf52.s 0x00000000   Number         0  arm_startup_nrf52.o ABSOLUTE
    RTE\Device\nRF52832_xxAA\system_nrf52.c  0x00000000   Number         0  system_nrf52.o ABSOLUTE
    RTE\\Device\\nRF52832_xxAA\\system_nrf52.c 0x00000000   Number         0  system_nrf52.o ABSOLUTE
    dc.s                                     0x00000000   Number         0  dc.o ABSOLUTE
    handlers.s                               0x00000000   Number         0  handlers.o ABSOLUTE
    init.s                                   0x00000000   Number         0  init.o ABSOLUTE
    .ARM.Collect$$$$00000000                 0x00000200   Section        0  entry.o(.ARM.Collect$$$$00000000)
    .ARM.Collect$$$$00000001                 0x00000200   Section        4  entry2.o(.ARM.Collect$$$$00000001)
    .ARM.Collect$$$$00000004                 0x00000204   Section        4  entry5.o(.ARM.Collect$$$$00000004)
    .ARM.Collect$$$$00000008                 0x00000208   Section        0  entry7b.o(.ARM.Collect$$$$00000008)
    .ARM.Collect$$$$0000000A                 0x00000208   Section        0  entry8b.o(.ARM.Collect$$$$0000000A)
    .ARM.Collect$$$$0000000B                 0x00000208   Section        8  entry9a.o(.ARM.Collect$$$$0000000B)
    .ARM.Collect$$$$0000000D                 0x00000210   Section        0  entry10a.o(.ARM.Collect$$$$0000000D)
    .ARM.Collect$$$$0000000F                 0x00000210   Section        0  entry11a.o(.ARM.Collect$$$$0000000F)
    .ARM.Collect$$$$00002712                 0x00000210   Section        4  entry2.o(.ARM.Collect$$$$00002712)
    __lit__00000000                          0x00000210   Data           4  entry2.o(.ARM.Collect$$$$00002712)
    .text                                    0x00000214   Section       36  arm_startup_nrf52.o(.text)
    $v0                                      0x00000214   Number         0  arm_startup_nrf52.o(.text)
    .text                                    0x00000238   Section       36  init.o(.text)
    i.GPIOTE_IRQHandler                      0x0000025c   Section        0  nrf_drv_gpiote.o(i.GPIOTE_IRQHandler)
    i.NVIC_ClearPendingIRQ                   0x000003d0   Section        0  app_timer.o(i.NVIC_ClearPendingIRQ)
    NVIC_ClearPendingIRQ                     0x000003d1   Thumb Code    22  app_timer.o(i.NVIC_ClearPendingIRQ)
    i.NVIC_EnableIRQ                         0x000003e6   Section        0  app_timer.o(i.NVIC_EnableIRQ)
    NVIC_EnableIRQ                           0x000003e7   Thumb Code    22  app_timer.o(i.NVIC_EnableIRQ)
    i.NVIC_SetPendingIRQ                     0x000003fc   Section        0  app_timer.o(i.NVIC_SetPendingIRQ)
    NVIC_SetPendingIRQ                       0x000003fd   Thumb Code    22  app_timer.o(i.NVIC_SetPendingIRQ)
    i.RTC1_IRQHandler                        0x00000414   Section        0  app_timer.o(i.RTC1_IRQHandler)
    i.SWI0_EGU0_IRQHandler                   0x00000438   Section        0  app_timer.o(i.SWI0_EGU0_IRQHandler)
    i.SystemInit                             0x0000043c   Section        0  system_nrf52.o(i.SystemInit)
    i.TIMER0_IRQHandler                      0x00000738   Section        0  nrf_drv_timer.o(i.TIMER0_IRQHandler)
    i.TIMER1_IRQHandler                      0x0000074c   Section        0  nrf_drv_timer.o(i.TIMER1_IRQHandler)
    i.TIMER2_IRQHandler                      0x00000760   Section        0  nrf_drv_timer.o(i.TIMER2_IRQHandler)
    i.__scatterload_copy                     0x00000774   Section       14  handlers.o(i.__scatterload_copy)
    i.__scatterload_null                     0x00000782   Section        2  handlers.o(i.__scatterload_null)
    i.__scatterload_zeroinit                 0x00000784   Section       14  handlers.o(i.__scatterload_zeroinit)
    i.app_error_fault_handler                0x00000794   Section        0  app_error_weak.o(i.app_error_fault_handler)
    i.app_error_handler_bare                 0x000007c4   Section        0  app_error.o(i.app_error_handler_bare)
    i.channel_port_get                       0x000007dc   Section        0  nrf_drv_gpiote.o(i.channel_port_get)
    channel_port_get                         0x000007dd   Thumb Code    10  nrf_drv_gpiote.o(i.channel_port_get)
    i.compare_reg_update                     0x000007ec   Section        0  app_timer.o(i.compare_reg_update)
    compare_reg_update                       0x000007ed   Thumb Code   160  app_timer.o(i.compare_reg_update)
    i.elapsed_ticks_acquire                  0x00000898   Section        0  app_timer.o(i.elapsed_ticks_acquire)
    elapsed_ticks_acquire                    0x00000899   Thumb Code    58  app_timer.o(i.elapsed_ticks_acquire)
    i.freq_init                              0x000008d8   Section        0  frequency.o(i.freq_init)
    i.freq_pin_Hz                            0x00000918   Section        0  frequency.o(i.freq_pin_Hz)
    i.irq_handler                            0x000009d8   Section        0  nrf_drv_timer.o(i.irq_handler)
    irq_handler                              0x000009d9   Thumb Code    66  nrf_drv_timer.o(i.irq_handler)
    i.list_insertions_handler                0x00000a1c   Section        0  app_timer.o(i.list_insertions_handler)
    list_insertions_handler                  0x00000a1d   Thumb Code   234  app_timer.o(i.list_insertions_handler)
    i.main                                   0x00000b14   Section        0  main.o(i.main)
    i.nrf_bitmask_bit_is_set                 0x00000b3c   Section        0  nrf_drv_gpiote.o(i.nrf_bitmask_bit_is_set)
    nrf_bitmask_bit_is_set                   0x00000b3d   Thumb Code    16  nrf_drv_gpiote.o(i.nrf_bitmask_bit_is_set)
    i.nrf_delay_us                           0x00000b4c   Section        0  main.o(i.nrf_delay_us)
    nrf_delay_us                             0x00000b4d   Thumb Code   132  main.o(i.nrf_delay_us)
    i.nrf_delay_us                           0x00000bd8   Section        0  app_timer.o(i.nrf_delay_us)
    nrf_delay_us                             0x00000bd9   Thumb Code   132  app_timer.o(i.nrf_delay_us)
    i.nrf_drv_common_irq_enable              0x00000c64   Section        0  nrf_drv_common.o(i.nrf_drv_common_irq_enable)
    i.nrf_drv_timer_compare                  0x00000c9c   Section        0  nrf_drv_timer.o(i.nrf_drv_timer_compare)
    i.nrf_drv_timer_disable                  0x00000cc0   Section        0  nrf_drv_timer.o(i.nrf_drv_timer_disable)
    i.nrf_drv_timer_enable                   0x00000cdc   Section        0  nrf_drv_timer.o(i.nrf_drv_timer_enable)
    i.nrf_drv_timer_extended_compare         0x00000cf8   Section        0  nrf_drv_timer.o(i.nrf_drv_timer_extended_compare)
    i.nrf_drv_timer_init                     0x00000d24   Section        0  nrf_drv_timer.o(i.nrf_drv_timer_init)
    i.nrf_drv_timer_ms_to_ticks              0x00000db4   Section        0  pl57h56_1.o(i.nrf_drv_timer_ms_to_ticks)
    nrf_drv_timer_ms_to_ticks                0x00000db5   Thumb Code    16  pl57h56_1.o(i.nrf_drv_timer_ms_to_ticks)
    i.nrf_gpio_cfg_output                    0x00000dc4   Section        0  pl57h56_1.o(i.nrf_gpio_cfg_output)
    nrf_gpio_cfg_output                      0x00000dc5   Thumb Code    16  pl57h56_1.o(i.nrf_gpio_cfg_output)
    i.nrf_gpio_cfg_sense_set                 0x00000dd4   Section        0  nrf_drv_gpiote.o(i.nrf_gpio_cfg_sense_set)
    nrf_gpio_cfg_sense_set                   0x00000dd5   Thumb Code    34  nrf_drv_gpiote.o(i.nrf_gpio_cfg_sense_set)
    i.nrf_gpio_ports_read                    0x00000df8   Section        0  nrf_drv_gpiote.o(i.nrf_gpio_ports_read)
    nrf_gpio_ports_read                      0x00000df9   Thumb Code    34  nrf_drv_gpiote.o(i.nrf_gpio_ports_read)
    i.nrf_gpiote_event_clear                 0x00000e20   Section        0  nrf_drv_gpiote.o(i.nrf_gpiote_event_clear)
    nrf_gpiote_event_clear                   0x00000e21   Thumb Code    16  nrf_drv_gpiote.o(i.nrf_gpiote_event_clear)
    i.nrf_gpiote_event_is_set                0x00000e34   Section        0  nrf_drv_gpiote.o(i.nrf_gpiote_event_is_set)
    nrf_gpiote_event_is_set                  0x00000e35   Thumb Code    12  nrf_drv_gpiote.o(i.nrf_gpiote_event_is_set)
    i.pl_init                                0x00000e44   Section        0  pl57h56_1.o(i.pl_init)
    i.pl_start                               0x00000ed8   Section        0  pl57h56_1.o(i.pl_start)
    i.rtc1_stop                              0x00000f08   Section        0  app_timer.o(i.rtc1_stop)
    rtc1_stop                                0x00000f09   Thumb Code    52  app_timer.o(i.rtc1_stop)
    i.timer_grand_event_handler              0x00000f44   Section        0  pl57h56_1.o(i.timer_grand_event_handler)
    i.timer_led_event_handler                0x00000f8c   Section        0  frequency.o(i.timer_led_event_handler)
    i.timer_list_handler                     0x00000fb8   Section        0  app_timer.o(i.timer_list_handler)
    timer_list_handler                       0x00000fb9   Thumb Code   154  app_timer.o(i.timer_list_handler)
    i.timer_list_insert                      0x0000105c   Section        0  app_timer.o(i.timer_list_insert)
    timer_list_insert                        0x0000105d   Thumb Code    56  app_timer.o(i.timer_list_insert)
    i.timer_list_remove                      0x00001098   Section        0  app_timer.o(i.timer_list_remove)
    timer_list_remove                        0x00001099   Thumb Code    88  app_timer.o(i.timer_list_remove)
    i.timer_timeouts_check                   0x000010f8   Section        0  app_timer.o(i.timer_timeouts_check)
    timer_timeouts_check                     0x000010f9   Thumb Code   106  app_timer.o(i.timer_timeouts_check)
    .constdata                               0x0000116c   Section        4  nrf_drv_gpiote.o(.constdata)
    .constdata                               0x00001170   Section        8  pl57h56_1.o(.constdata)
    .constdata                               0x00001178   Section        8  frequency.o(.constdata)
    .data                                    0x20000000   Section       12  main.o(.data)
    .data                                    0x2000000c   Section       24  app_timer.o(.data)
    m_ticks_elapsed_q_read_ind               0x2000000c   Data           1  app_timer.o(.data)
    m_ticks_elapsed_q_write_ind              0x2000000d   Data           1  app_timer.o(.data)
    m_rtc1_running                           0x2000000e   Data           1  app_timer.o(.data)
    m_rtc1_reset                             0x2000000f   Data           1  app_timer.o(.data)
    m_max_user_op_queue_utilization          0x20000010   Data           1  app_timer.o(.data)
    mp_timer_id_head                         0x20000014   Data           4  app_timer.o(.data)
    m_ticks_latest                           0x20000018   Data           4  app_timer.o(.data)
    m_ticks_elapsed                          0x2000001c   Data           8  app_timer.o(.data)
    .data                                    0x20000024   Section        8  pl57h56_1.o(.data)
    .data                                    0x2000002c   Section       28  frequency.o(.data)
    freq_tmp                                 0x2000002c   Data           4  frequency.o(.data)
    .data                                    0x20000048   Section        4  system_nrf52.o(.data)
    __tagsym$$used                           0x20000048   Number         0  system_nrf52.o(.data)
    .bss                                     0x2000004c   Section       36  nrf_drv_timer.o(.bss)
    m_cb                                     0x2000004c   Data          36  nrf_drv_timer.o(.bss)
    .bss                                     0x20000070   Section       88  nrf_drv_gpiote.o(.bss)
    m_cb                                     0x20000070   Data          88  nrf_drv_gpiote.o(.bss)
    .bss                                     0x200000c8   Section      268  app_timer.o(.bss)
    m_op_queue                               0x200000c8   Data         268  app_timer.o(.bss)
    .bss                                     0x200001d4   Section       24  pl57h56_1.o(.bss)
    STACK                                    0x200001f0   Section     8192  arm_startup_nrf52.o(STACK)

    Global Symbols

    Symbol Name                              Value     Ov Type        Size  Object(Section)

    BuildAttributes$$THM_ISAv4$E$P$D$K$B$S$7EM$VFPi3$EXTD16$VFPS$VFMA$PE$A:L22UL41UL21$X:L11$S22US41US21$IEEE1$IW$USESV6$~STKCKD$USESV7$~SHL$OSPACE$EBA8$MICROLIB$REQ8$PRES8$EABIv2 0x00000000   Number         0  anon$$obj.o ABSOLUTE
    __ARM_use_no_argv                        0x00000000   Number         0  main.o ABSOLUTE
    __Vectors                                0x00000000   Data           4  arm_startup_nrf52.o(RESET)
    __cpp_initialize__aeabi_                  - Undefined Weak Reference
    __cxa_finalize                            - Undefined Weak Reference
    __decompress                              - Undefined Weak Reference
    _clock_init                               - Undefined Weak Reference
    _microlib_exit                            - Undefined Weak Reference
    __Vectors_End                            0x00000200   Data           0  arm_startup_nrf52.o(RESET)
    __Vectors_Size                           0x00000200   Number         0  arm_startup_nrf52.o ABSOLUTE
    __main                                   0x00000201   Thumb Code     0  entry.o(.ARM.Collect$$$$00000000)
    _main_stk                                0x00000201   Thumb Code     0  entry2.o(.ARM.Collect$$$$00000001)
    _main_scatterload                        0x00000205   Thumb Code     0  entry5.o(.ARM.Collect$$$$00000004)
    __main_after_scatterload                 0x00000209   Thumb Code     0  entry5.o(.ARM.Collect$$$$00000004)
    _main_clock                              0x00000209   Thumb Code     0  entry7b.o(.ARM.Collect$$$$00000008)
    _main_cpp_init                           0x00000209   Thumb Code     0  entry8b.o(.ARM.Collect$$$$0000000A)
    _main_init                               0x00000209   Thumb Code     0  entry9a.o(.ARM.Collect$$$$0000000B)
    __rt_final_cpp                           0x00000211   Thumb Code     0  entry10a.o(.ARM.Collect$$$$0000000D)
    __rt_final_exit                          0x00000211   Thumb Code     0  entry11a.o(.ARM.Collect$$$$0000000F)
    Reset_Handler                            0x00000215   Thumb Code     8  arm_startup_nrf52.o(.text)
    NMI_Handler                              0x0000021d   Thumb Code     2  arm_startup_nrf52.o(.text)
    HardFault_Handler                        0x0000021f   Thumb Code     2  arm_startup_nrf52.o(.text)
    MemoryManagement_Handler                 0x00000221   Thumb Code     2  arm_startup_nrf52.o(.text)
    BusFault_Handler                         0x00000223   Thumb Code     2  arm_startup_nrf52.o(.text)
    UsageFault_Handler                       0x00000225   Thumb Code     2  arm_startup_nrf52.o(.text)
    SVC_Handler                              0x00000227   Thumb Code     2  arm_startup_nrf52.o(.text)
    DebugMon_Handler                         0x00000229   Thumb Code     2  arm_startup_nrf52.o(.text)
    PendSV_Handler                           0x0000022b   Thumb Code     2  arm_startup_nrf52.o(.text)
    SysTick_Handler                          0x0000022d   Thumb Code     2  arm_startup_nrf52.o(.text)
    CCM_AAR_IRQHandler                       0x0000022f   Thumb Code     0  arm_startup_nrf52.o(.text)
    COMP_LPCOMP_IRQHandler                   0x0000022f   Thumb Code     0  arm_startup_nrf52.o(.text)
    ECB_IRQHandler                           0x0000022f   Thumb Code     0  arm_startup_nrf52.o(.text)
    FPU_IRQHandler                           0x0000022f   Thumb Code     0  arm_startup_nrf52.o(.text)
    I2S_IRQHandler                           0x0000022f   Thumb Code     0  arm_startup_nrf52.o(.text)
    MWU_IRQHandler                           0x0000022f   Thumb Code     0  arm_startup_nrf52.o(.text)
    NFCT_IRQHandler                          0x0000022f   Thumb Code     0  arm_startup_nrf52.o(.text)
    PDM_IRQHandler                           0x0000022f   Thumb Code     0  arm_startup_nrf52.o(.text)
    POWER_CLOCK_IRQHandler                   0x0000022f   Thumb Code     0  arm_startup_nrf52.o(.text)
    PWM0_IRQHandler                          0x0000022f   Thumb Code     0  arm_startup_nrf52.o(.text)
    PWM1_IRQHandler                          0x0000022f   Thumb Code     0  arm_startup_nrf52.o(.text)
    PWM2_IRQHandler                          0x0000022f   Thumb Code     0  arm_startup_nrf52.o(.text)
    QDEC_IRQHandler                          0x0000022f   Thumb Code     0  arm_startup_nrf52.o(.text)
    RADIO_IRQHandler                         0x0000022f   Thumb Code     0  arm_startup_nrf52.o(.text)
    RNG_IRQHandler                           0x0000022f   Thumb Code     0  arm_startup_nrf52.o(.text)
    RTC0_IRQHandler                          0x0000022f   Thumb Code     0  arm_startup_nrf52.o(.text)
    RTC2_IRQHandler                          0x0000022f   Thumb Code     0  arm_startup_nrf52.o(.text)
    SAADC_IRQHandler                         0x0000022f   Thumb Code     0  arm_startup_nrf52.o(.text)
    SPIM0_SPIS0_TWIM0_TWIS0_SPI0_TWI0_IRQHandler 0x0000022f   Thumb Code     0  arm_startup_nrf52.o(.text)
    SPIM1_SPIS1_TWIM1_TWIS1_SPI1_TWI1_IRQHandler 0x0000022f   Thumb Code     0  arm_startup_nrf52.o(.text)
    SPIM2_SPIS2_SPI2_IRQHandler              0x0000022f   Thumb Code     0  arm_startup_nrf52.o(.text)
    SWI1_EGU1_IRQHandler                     0x0000022f   Thumb Code     0  arm_startup_nrf52.o(.text)
    SWI2_EGU2_IRQHandler                     0x0000022f   Thumb Code     0  arm_startup_nrf52.o(.text)
    SWI3_EGU3_IRQHandler                     0x0000022f   Thumb Code     0  arm_startup_nrf52.o(.text)
    SWI4_EGU4_IRQHandler                     0x0000022f   Thumb Code     0  arm_startup_nrf52.o(.text)
    SWI5_EGU5_IRQHandler                     0x0000022f   Thumb Code     0  arm_startup_nrf52.o(.text)
    TEMP_IRQHandler                          0x0000022f   Thumb Code     0  arm_startup_nrf52.o(.text)
    TIMER3_IRQHandler                        0x0000022f   Thumb Code     0  arm_startup_nrf52.o(.text)
    TIMER4_IRQHandler                        0x0000022f   Thumb Code     0  arm_startup_nrf52.o(.text)
    UARTE0_UART0_IRQHandler                  0x0000022f   Thumb Code     0  arm_startup_nrf52.o(.text)
    WDT_IRQHandler                           0x0000022f   Thumb Code     0  arm_startup_nrf52.o(.text)
    __scatterload                            0x00000239   Thumb Code    28  init.o(.text)
    __scatterload_rt2                        0x00000239   Thumb Code     0  init.o(.text)
    GPIOTE_IRQHandler                        0x0000025d   Thumb Code   362  nrf_drv_gpiote.o(i.GPIOTE_IRQHandler)
    RTC1_IRQHandler                          0x00000415   Thumb Code    32  app_timer.o(i.RTC1_IRQHandler)
    SWI0_EGU0_IRQHandler                     0x00000439   Thumb Code     4  app_timer.o(i.SWI0_EGU0_IRQHandler)
    SystemInit                               0x0000043d   Thumb Code   700  system_nrf52.o(i.SystemInit)
    TIMER0_IRQHandler                        0x00000739   Thumb Code    10  nrf_drv_timer.o(i.TIMER0_IRQHandler)
    TIMER1_IRQHandler                        0x0000074d   Thumb Code    10  nrf_drv_timer.o(i.TIMER1_IRQHandler)
    TIMER2_IRQHandler                        0x00000761   Thumb Code    10  nrf_drv_timer.o(i.TIMER2_IRQHandler)
    __scatterload_copy                       0x00000775   Thumb Code    14  handlers.o(i.__scatterload_copy)
    __scatterload_null                       0x00000783   Thumb Code     2  handlers.o(i.__scatterload_null)
    __scatterload_zeroinit                   0x00000785   Thumb Code    14  handlers.o(i.__scatterload_zeroinit)
    app_error_fault_handler                  0x00000795   Thumb Code    38  app_error_weak.o(i.app_error_fault_handler)
    app_error_handler_bare                   0x000007c5   Thumb Code    22  app_error.o(i.app_error_handler_bare)
    freq_init                                0x000008d9   Thumb Code    50  frequency.o(i.freq_init)
    freq_pin_Hz                              0x00000919   Thumb Code   180  frequency.o(i.freq_pin_Hz)
    main                                     0x00000b15   Thumb Code    32  main.o(i.main)
    nrf_drv_common_irq_enable                0x00000c65   Thumb Code    56  nrf_drv_common.o(i.nrf_drv_common_irq_enable)
    nrf_drv_timer_compare                    0x00000c9d   Thumb Code    34  nrf_drv_timer.o(i.nrf_drv_timer_compare)
    nrf_drv_timer_disable                    0x00000cc1   Thumb Code    22  nrf_drv_timer.o(i.nrf_drv_timer_disable)
    nrf_drv_timer_enable                     0x00000cdd   Thumb Code    24  nrf_drv_timer.o(i.nrf_drv_timer_enable)
    nrf_drv_timer_extended_compare           0x00000cf9   Thumb Code    42  nrf_drv_timer.o(i.nrf_drv_timer_extended_compare)
    nrf_drv_timer_init                       0x00000d25   Thumb Code   138  nrf_drv_timer.o(i.nrf_drv_timer_init)
    pl_init                                  0x00000e45   Thumb Code   132  pl57h56_1.o(i.pl_init)
    pl_start                                 0x00000ed9   Thumb Code    40  pl57h56_1.o(i.pl_start)
    timer_grand_event_handler                0x00000f45   Thumb Code    68  pl57h56_1.o(i.timer_grand_event_handler)
    timer_led_event_handler                  0x00000f8d   Thumb Code    38  frequency.o(i.timer_led_event_handler)
    TIMER_GRAD                               0x00001170   Data           8  pl57h56_1.o(.constdata)
    TIMER_FREQ                               0x00001178   Data           8  frequency.o(.constdata)
    Region$$Table$$Base                      0x00001180   Number         0  anon$$obj.o(Region$$Table)
    Region$$Table$$Limit                     0x000011a0   Number         0  anon$$obj.o(Region$$Table)
    pstr_t                                   0x20000000   Data          12  main.o(.data)
    timer_confg                              0x20000024   Data           8  pl57h56_1.o(.data)
    flag_freq                                0x20000030   Data           4  frequency.o(.data)
    p_t_local                                0x20000034   Data           4  frequency.o(.data)
    time_ticks                               0x20000038   Data           4  frequency.o(.data)
    time_us                                  0x2000003c   Data           4  frequency.o(.data)
    timer_cfg                                0x20000040   Data           8  frequency.o(.data)
    SystemCoreClock                          0x20000048   Data           4  system_nrf52.o(.data)
    loc_t                                    0x200001d4   Data          12  pl57h56_1.o(.bss)
    c_t                                      0x200001e0   Data          12  pl57h56_1.o(.bss)
    __initial_sp                             0x200021f0   Data           0  arm_startup_nrf52.o(STACK)



==============================================================================

Memory Map of the image

  Image Entry point : 0x00000201

  Load Region LR_IROM1 (Base: 0x00000000, Size: 0x000011ec, Max: 0x00080000, ABSOLUTE)

    Execution Region ER_IROM1 (Exec base: 0x00000000, Load base: 0x00000000, Size: 0x000011a0, Max: 0x00080000, ABSOLUTE)

    Exec Addr    Load Addr    Size         Type   Attr      Idx    E Section Name        Object

    0x00000000   0x00000000   0x00000200   Data   RO         1392    RESET               arm_startup_nrf52.o
    0x00000200   0x00000200   0x00000000   Code   RO         1433  * .ARM.Collect$$$$00000000  mc_w.l(entry.o)
    0x00000200   0x00000200   0x00000004   Code   RO         1440    .ARM.Collect$$$$00000001  mc_w.l(entry2.o)
    0x00000204   0x00000204   0x00000004   Code   RO         1443    .ARM.Collect$$$$00000004  mc_w.l(entry5.o)
    0x00000208   0x00000208   0x00000000   Code   RO         1445    .ARM.Collect$$$$00000008  mc_w.l(entry7b.o)
    0x00000208   0x00000208   0x00000000   Code   RO         1447    .ARM.Collect$$$$0000000A  mc_w.l(entry8b.o)
    0x00000208   0x00000208   0x00000008   Code   RO         1448    .ARM.Collect$$$$0000000B  mc_w.l(entry9a.o)
    0x00000210   0x00000210   0x00000000   Code   RO         1450    .ARM.Collect$$$$0000000D  mc_w.l(entry10a.o)
    0x00000210   0x00000210   0x00000000   Code   RO         1452    .ARM.Collect$$$$0000000F  mc_w.l(entry11a.o)
    0x00000210   0x00000210   0x00000004   Code   RO         1441    .ARM.Collect$$$$00002712  mc_w.l(entry2.o)
    0x00000214   0x00000214   0x00000024   Code   RO         1393    .text               arm_startup_nrf52.o
    0x00000238   0x00000238   0x00000024   Code   RO         1454    .text               mc_w.l(init.o)
    0x0000025c   0x0000025c   0x00000174   Code   RO          471    i.GPIOTE_IRQHandler  nrf_drv_gpiote.o
    0x000003d0   0x000003d0   0x00000016   Code   RO          718    i.NVIC_ClearPendingIRQ  app_timer.o
    0x000003e6   0x000003e6   0x00000016   Code   RO          719    i.NVIC_EnableIRQ    app_timer.o
    0x000003fc   0x000003fc   0x00000016   Code   RO          720    i.NVIC_SetPendingIRQ  app_timer.o
    0x00000412   0x00000412   0x00000002   PAD
    0x00000414   0x00000414   0x00000024   Code   RO          722    i.RTC1_IRQHandler   app_timer.o
    0x00000438   0x00000438   0x00000004   Code   RO          723    i.SWI0_EGU0_IRQHandler  app_timer.o
    0x0000043c   0x0000043c   0x000002fc   Code   RO         1401    i.SystemInit        system_nrf52.o
    0x00000738   0x00000738   0x00000014   Code   RO          314    i.TIMER0_IRQHandler  nrf_drv_timer.o
    0x0000074c   0x0000074c   0x00000014   Code   RO          315    i.TIMER1_IRQHandler  nrf_drv_timer.o
    0x00000760   0x00000760   0x00000014   Code   RO          316    i.TIMER2_IRQHandler  nrf_drv_timer.o
    0x00000774   0x00000774   0x0000000e   Code   RO         1458    i.__scatterload_copy  mc_w.l(handlers.o)
    0x00000782   0x00000782   0x00000002   Code   RO         1459    i.__scatterload_null  mc_w.l(handlers.o)
    0x00000784   0x00000784   0x0000000e   Code   RO         1460    i.__scatterload_zeroinit  mc_w.l(handlers.o)
    0x00000792   0x00000792   0x00000002   PAD
    0x00000794   0x00000794   0x00000030   Code   RO          939    i.app_error_fault_handler  app_error_weak.o
    0x000007c4   0x000007c4   0x00000016   Code   RO          900    i.app_error_handler_bare  app_error.o
    0x000007da   0x000007da   0x00000002   PAD
    0x000007dc   0x000007dc   0x00000010   Code   RO          474    i.channel_port_get  nrf_drv_gpiote.o
    0x000007ec   0x000007ec   0x000000ac   Code   RO          734    i.compare_reg_update  app_timer.o
    0x00000898   0x00000898   0x00000040   Code   RO          735    i.elapsed_ticks_acquire  app_timer.o
    0x000008d8   0x000008d8   0x00000040   Code   RO         1320    i.freq_init         frequency.o
    0x00000918   0x00000918   0x000000c0   Code   RO         1321    i.freq_pin_Hz       frequency.o
    0x000009d8   0x000009d8   0x00000042   Code   RO          317    i.irq_handler       nrf_drv_timer.o
    0x00000a1a   0x00000a1a   0x00000002   PAD
    0x00000a1c   0x00000a1c   0x000000f8   Code   RO          736    i.list_insertions_handler  app_timer.o
    0x00000b14   0x00000b14   0x00000028   Code   RO            4    i.main              main.o
    0x00000b3c   0x00000b3c   0x00000010   Code   RO          475    i.nrf_bitmask_bit_is_set  nrf_drv_gpiote.o
    0x00000b4c   0x00000b4c   0x0000008c   Code   RO            5    i.nrf_delay_us      main.o
    0x00000bd8   0x00000bd8   0x0000008c   Code   RO          737    i.nrf_delay_us      app_timer.o
    0x00000c64   0x00000c64   0x00000038   Code   RO          264    i.nrf_drv_common_irq_enable  nrf_drv_common.o
    0x00000c9c   0x00000c9c   0x00000022   Code   RO          320    i.nrf_drv_timer_compare  nrf_drv_timer.o
    0x00000cbe   0x00000cbe   0x00000002   PAD
    0x00000cc0   0x00000cc0   0x0000001c   Code   RO          323    i.nrf_drv_timer_disable  nrf_drv_timer.o
    0x00000cdc   0x00000cdc   0x0000001c   Code   RO          324    i.nrf_drv_timer_enable  nrf_drv_timer.o
    0x00000cf8   0x00000cf8   0x0000002a   Code   RO          325    i.nrf_drv_timer_extended_compare  nrf_drv_timer.o
    0x00000d22   0x00000d22   0x00000002   PAD
    0x00000d24   0x00000d24   0x00000090   Code   RO          327    i.nrf_drv_timer_init  nrf_drv_timer.o
    0x00000db4   0x00000db4   0x00000010   Code   RO         1252    i.nrf_drv_timer_ms_to_ticks  pl57h56_1.o
    0x00000dc4   0x00000dc4   0x00000010   Code   RO         1253    i.nrf_gpio_cfg_output  pl57h56_1.o
    0x00000dd4   0x00000dd4   0x00000022   Code   RO          501    i.nrf_gpio_cfg_sense_set  nrf_drv_gpiote.o
    0x00000df6   0x00000df6   0x00000002   PAD
    0x00000df8   0x00000df8   0x00000028   Code   RO          502    i.nrf_gpio_ports_read  nrf_drv_gpiote.o
    0x00000e20   0x00000e20   0x00000014   Code   RO          503    i.nrf_gpiote_event_clear  nrf_drv_gpiote.o
    0x00000e34   0x00000e34   0x00000010   Code   RO          504    i.nrf_gpiote_event_is_set  nrf_drv_gpiote.o
    0x00000e44   0x00000e44   0x00000094   Code   RO         1254    i.pl_init           pl57h56_1.o
    0x00000ed8   0x00000ed8   0x00000030   Code   RO         1255    i.pl_start          pl57h56_1.o
    0x00000f08   0x00000f08   0x0000003c   Code   RO          738    i.rtc1_stop         app_timer.o
    0x00000f44   0x00000f44   0x00000048   Code   RO         1256    i.timer_grand_event_handler  pl57h56_1.o
    0x00000f8c   0x00000f8c   0x0000002c   Code   RO         1323    i.timer_led_event_handler  frequency.o
    0x00000fb8   0x00000fb8   0x000000a4   Code   RO          739    i.timer_list_handler  app_timer.o
    0x0000105c   0x0000105c   0x0000003c   Code   RO          740    i.timer_list_insert  app_timer.o
    0x00001098   0x00001098   0x00000060   Code   RO          741    i.timer_list_remove  app_timer.o
    0x000010f8   0x000010f8   0x00000074   Code   RO          743    i.timer_timeouts_check  app_timer.o
    0x0000116c   0x0000116c   0x00000004   Data   RO          508    .constdata          nrf_drv_gpiote.o
    0x00001170   0x00001170   0x00000008   Data   RO         1258    .constdata          pl57h56_1.o
    0x00001178   0x00001178   0x00000008   Data   RO         1324    .constdata          frequency.o
    0x00001180   0x00001180   0x00000020   Data   RO         1456    Region$$Table       anon$$obj.o


    Execution Region RW_IRAM1 (Exec base: 0x20000000, Load base: 0x000011a0, Size: 0x000021f0, Max: 0x00010000, ABSOLUTE)

    Exec Addr    Load Addr    Size         Type   Attr      Idx    E Section Name        Object

    0x20000000   0x000011a0   0x0000000c   Data   RW            7    .data               main.o
    0x2000000c   0x000011ac   0x00000018   Data   RW          746    .data               app_timer.o
    0x20000024   0x000011c4   0x00000008   Data   RW         1259    .data               pl57h56_1.o
    0x2000002c   0x000011cc   0x0000001c   Data   RW         1325    .data               frequency.o
    0x20000048   0x000011e8   0x00000004   Data   RW         1402    .data               system_nrf52.o
    0x2000004c        -       0x00000024   Zero   RW          331    .bss                nrf_drv_timer.o
    0x20000070        -       0x00000058   Zero   RW          507    .bss                nrf_drv_gpiote.o
    0x200000c8        -       0x0000010c   Zero   RW          745    .bss                app_timer.o
    0x200001d4        -       0x00000018   Zero   RW         1257    .bss                pl57h56_1.o
    0x200001ec   0x000011ec   0x00000004   PAD
    0x200001f0        -       0x00002000   Zero   RW         1390    STACK               arm_startup_nrf52.o


==============================================================================

Image component sizes


      Code (inc. data)   RO Data    RW Data    ZI Data      Debug   Object Name

        22          0          0          0          0       2073   app_error.o
        48         10          0          0          0      27401   app_error_weak.o
      1226         84          0         24        268      42816   app_timer.o
        36          8        512          0       8192        896   arm_startup_nrf52.o
       300         32          8         28          0      15330   frequency.o
       180         16          0         12          0      39026   main.o
        56          0          0          0          0      29207   nrf_drv_common.o
       514         30          4          0         88      18780   nrf_drv_gpiote.o
       402         46          0          0         36      18487   nrf_drv_timer.o
       300         28          8          8         24      16088   pl57h56_1.o
       764         64          0          4          0       2899   system_nrf52.o

    ----------------------------------------------------------------------
      3860        318        564         76       8612     213003   Object Totals
         0          0         32          0          0          0   (incl. Generated)
        12          0          0          0          4          0   (incl. Padding)

    ----------------------------------------------------------------------

      Code (inc. data)   RO Data    RW Data    ZI Data      Debug   Library Member Name

         0          0          0          0          0          0   entry.o
         0          0          0          0          0          0   entry10a.o
         0          0          0          0          0          0   entry11a.o
         8          4          0          0          0          0   entry2.o
         4          0          0          0          0          0   entry5.o
         0          0          0          0          0          0   entry7b.o
         0          0          0          0          0          0   entry8b.o
         8          4          0          0          0          0   entry9a.o
        30          0          0          0          0          0   handlers.o
        36          8          0          0          0         68   init.o

    ----------------------------------------------------------------------
        88         16          0          0          0         68   Library Totals
         2          0          0          0          0          0   (incl. Padding)

    ----------------------------------------------------------------------

      Code (inc. data)   RO Data    RW Data    ZI Data      Debug   Library Name

        86         16          0          0          0         68   mc_w.l

    ----------------------------------------------------------------------
        88         16          0          0          0         68   Library Totals

    ----------------------------------------------------------------------

==============================================================================


      Code (inc. data)   RO Data    RW Data    ZI Data      Debug   

      3948        334        564         76       8612     209275   Grand Totals
      3948        334        564         76       8612     209275   ELF Image Totals
      3948        334        564         76          0          0   ROM Totals

==============================================================================

    Total RO  Size (Code + RO Data)                 4512 (   4.41kB)
    Total RW  Size (RW Data + ZI Data)              8688 (   8.48kB)
    Total ROM Size (Code + RO Data + RW Data)       4588 (   4.48kB)

==============================================================================

