<html>
<body>
<pre>
<h1>µVision Build Log</h1>
<h2>Tool Versions:</h2>
IDE-Version: µVision V5.29.0.0
Copyright (C) 2019 ARM Ltd and ARM Germany GmbH. All rights reserved.
License Information: n Ïîëüçîâ, HP Inc., LIC=AK12Z-JH5UH-JMT98-3Q1VZ-JGC96-LV7Q8
 
Tool Versions:
Toolchain:       MDK-ARM Professional  Version: 5.29.0.0
Toolchain Path:  C:\Keil_v5\ARM\ARMCC\Bin
C Compiler:      Armcc.exe V5.06 update 6 (build 750)
Assembler:       Armasm.exe V5.06 update 6 (build 750)
Linker/Locator:  ArmLink.exe V5.06 update 6 (build 750)
Library Manager: ArmAr.exe V5.06 update 6 (build 750)
Hex Converter:   FromElf.exe V5.06 update 6 (build 750)
CPU DLL:         
Dialog DLL:      
Target DLL:      Segger\JL2CM3.dll V2.99.36.0
Dialog DLL:      TCM.DLL V1.36.5.0
 
<h2>Project:</h2>
C:\nRF5_SDK_14.2.0_17b948a\examples\peripheral\PL57H56\pca10040\blank\arm5_no_packs\timer_pca10040.uvprojx
Project File Date:  03/25/2021

<h2>Output:</h2>
*** Using Compiler 'V5.06 update 6 (build 750)', folder: 'C:\Keil_v5\ARM\ARMCC\Bin'
Build target 'nrf52832_xxaa'
compiling main.c...
..\..\..\..\..\..\components\libraries\frequency\frequency.h(15): warning:  #1-D: last line of file ends without a newline
   #endif
..\..\..\main.c: 1 warning, 0 errors
linking...
Program Size: Code=3948 RO-data=564 RW-data=76 ZI-data=8612  
FromELF: creating hex file...
".\_build\nrf52832_xxaa.axf" - 0 Error(s), 1 Warning(s).

<h2>Software Packages used:</h2>

Package Vendor: ARM
                http://www.keil.com/pack/ARM.CMSIS.4.5.0.pack
                ARM.CMSIS.4.5.0
                CMSIS (Cortex Microcontroller Software Interface Standard)
   * Component: CORE Version: 4.3.0

Package Vendor: NordicSemiconductor
                http://developer.nordicsemi.com/nRF5_SDK/pieces/nRF_DeviceFamilyPack/NordicSemiconductor.nRF_DeviceFamilyPack.8.15.0.pack
                NordicSemiconductor.nRF_DeviceFamilyPack.8.15.0
                Nordic Semiconductor nRF ARM devices Device Family Pack.
   * Component: Startup Version: 8.15.0

<h2>Collection of Component include folders:</h2>
  .\RTE\_nrf52832_xxaa
  C:\Users\Nika\AppData\Local\Arm\Packs\ARM\CMSIS\4.5.0\CMSIS\Include
  C:\Users\Nika\AppData\Local\Arm\Packs\NordicSemiconductor\nRF_DeviceFamilyPack\8.15.0\Device\Include

<h2>Collection of Component Files used:</h2>

   * Component: ARM::CMSIS:CORE:4.3.0

   * Component: NordicSemiconductor::Device:Startup:8.15.0
      Source file:   Device\Source\system_nrf52.c
      Include file:  Device\Include\system_nrf52.h
      Source file:   Device\Source\arm\arm_startup_nrf52.s
Build Time Elapsed:  00:00:01
</pre>
</body>
</html>
